Archive member included to satisfy reference by file (symbol)

c:/program files (x86)/atmel/studio/7.0/toolchain/avr8/avr8-gnu-toolchain/bin/../lib/gcc/avr/4.9.2/avrxmega6\libgcc.a(_divmodhi4.o)
                              main.o (__divmodhi4)
c:/program files (x86)/atmel/studio/7.0/toolchain/avr8/avr8-gnu-toolchain/bin/../lib/gcc/avr/4.9.2/avrxmega6\libgcc.a(_udivmodsi4.o)
                              main.o (__udivmodsi4)
c:/program files (x86)/atmel/studio/7.0/toolchain/avr8/avr8-gnu-toolchain/bin/../lib/gcc/avr/4.9.2/avrxmega6\libgcc.a(_exit.o)
                              C:/Program Files (x86)/Atmel/Studio/7.0/Packs/atmel/XMEGAC_DFP/1.0.29/gcc/dev/atxmega384c3/avrxmega6/crtatxmega384c3.o (exit)
c:/program files (x86)/atmel/studio/7.0/toolchain/avr8/avr8-gnu-toolchain/bin/../lib/gcc/avr/4.9.2/avrxmega6\libgcc.a(_copy_data.o)
                              Component_Drivers/nrf24l01p/nrf24l01p.o (__do_copy_data)
c:/program files (x86)/atmel/studio/7.0/toolchain/avr8/avr8-gnu-toolchain/bin/../lib/gcc/avr/4.9.2/avrxmega6\libgcc.a(_clear_bss.o)
                              Component_Drivers/lcd03/lcd03.o (__do_clear_bss)
c:/program files (x86)/atmel/studio/7.0/toolchain/avr8/avr8-gnu-toolchain/bin/../lib/gcc/avr/4.9.2/avrxmega6\libgcc.a(_mulshisi3.o)
                              main.o (__mulshisi3)
c:/program files (x86)/atmel/studio/7.0/toolchain/avr8/avr8-gnu-toolchain/bin/../lib/gcc/avr/4.9.2/avrxmega6\libgcc.a(_ashrdi3.o)
                              Component_Drivers/nrf24l01p/nrf24l01p.o (__lshrdi3)
c:/program files (x86)/atmel/studio/7.0/toolchain/avr8/avr8-gnu-toolchain/bin/../lib/gcc/avr/4.9.2/avrxmega6\libgcc.a(_adddi3_s8.o)
                              main.o (__adddi3_s8)
c:/program files (x86)/atmel/studio/7.0/toolchain/avr8/avr8-gnu-toolchain/bin/../lib/gcc/avr/4.9.2/avrxmega6\libgcc.a(_cmpdi2.o)
                              main.o (__cmpdi2)
c:/program files (x86)/atmel/studio/7.0/toolchain/avr8/avr8-gnu-toolchain/bin/../lib/gcc/avr/4.9.2/avrxmega6\libgcc.a(_udivmodhi4.o)
                              c:/program files (x86)/atmel/studio/7.0/toolchain/avr8/avr8-gnu-toolchain/bin/../lib/gcc/avr/4.9.2/avrxmega6\libgcc.a(_divmodhi4.o) (__udivmodhi4)
c:/program files (x86)/atmel/studio/7.0/toolchain/avr8/avr8-gnu-toolchain/bin/../lib/gcc/avr/4.9.2/avrxmega6\libgcc.a(_muluhisi3.o)
                              c:/program files (x86)/atmel/studio/7.0/toolchain/avr8/avr8-gnu-toolchain/bin/../lib/gcc/avr/4.9.2/avrxmega6\libgcc.a(_mulshisi3.o) (__muluhisi3)
c:/program files (x86)/atmel/studio/7.0/toolchain/avr8/avr8-gnu-toolchain/bin/../lib/gcc/avr/4.9.2/avrxmega6\libgcc.a(_umulhisi3.o)
                              c:/program files (x86)/atmel/studio/7.0/toolchain/avr8/avr8-gnu-toolchain/bin/../lib/gcc/avr/4.9.2/avrxmega6\libgcc.a(_muluhisi3.o) (__umulhisi3)
c:/program files (x86)/atmel/studio/7.0/toolchain/avr8/avr8-gnu-toolchain/bin/../lib/gcc/avr/4.9.2/../../../../avr/lib/avrxmega6\libc.a(strtok.o)
                              main.o (strtok)
c:/program files (x86)/atmel/studio/7.0/toolchain/avr8/avr8-gnu-toolchain/bin/../lib/gcc/avr/4.9.2/../../../../avr/lib/avrxmega6\libc.a(strtok_r.o)
                              c:/program files (x86)/atmel/studio/7.0/toolchain/avr8/avr8-gnu-toolchain/bin/../lib/gcc/avr/4.9.2/../../../../avr/lib/avrxmega6\libc.a(strtok.o) (strtok_r)
c:/program files (x86)/atmel/studio/7.0/toolchain/avr8/avr8-gnu-toolchain/bin/../lib/gcc/avr/4.9.2/../../../../avr/lib/avrxmega6\libc.a(sprintf.o)
                              main.o (sprintf)
c:/program files (x86)/atmel/studio/7.0/toolchain/avr8/avr8-gnu-toolchain/bin/../lib/gcc/avr/4.9.2/../../../../avr/lib/avrxmega6\libc.a(localtime.o)
                              main.o (localtime)
c:/program files (x86)/atmel/studio/7.0/toolchain/avr8/avr8-gnu-toolchain/bin/../lib/gcc/avr/4.9.2/../../../../avr/lib/avrxmega6\libc.a(localtime_r.o)
                              c:/program files (x86)/atmel/studio/7.0/toolchain/avr8/avr8-gnu-toolchain/bin/../lib/gcc/avr/4.9.2/../../../../avr/lib/avrxmega6\libc.a(localtime.o) (localtime_r)
c:/program files (x86)/atmel/studio/7.0/toolchain/avr8/avr8-gnu-toolchain/bin/../lib/gcc/avr/4.9.2/../../../../avr/lib/avrxmega6\libc.a(mktime.o)
                              main.o (mktime)
c:/program files (x86)/atmel/studio/7.0/toolchain/avr8/avr8-gnu-toolchain/bin/../lib/gcc/avr/4.9.2/../../../../avr/lib/avrxmega6\libc.a(tm_store.o)
                              c:/program files (x86)/atmel/studio/7.0/toolchain/avr8/avr8-gnu-toolchain/bin/../lib/gcc/avr/4.9.2/../../../../avr/lib/avrxmega6\libc.a(localtime.o) (__tm_store)
c:/program files (x86)/atmel/studio/7.0/toolchain/avr8/avr8-gnu-toolchain/bin/../lib/gcc/avr/4.9.2/../../../../avr/lib/avrxmega6\libc.a(utc_offset.o)
                              c:/program files (x86)/atmel/studio/7.0/toolchain/avr8/avr8-gnu-toolchain/bin/../lib/gcc/avr/4.9.2/../../../../avr/lib/avrxmega6\libc.a(localtime_r.o) (__utc_offset)
[...]
Memory Configuration

Name             Origin             Length             Attributes
text             0x00000000         0x00100000         xr
data             0x00802000         0x0000ffa0         rw !x
eeprom           0x00810000         0x00010000         rw !x
fuse             0x00820000         0x00000400         rw !x
lock             0x00830000         0x00000400         rw !x
signature        0x00840000         0x00000400         rw !x
user_signatures  0x00850000         0x00000400         rw !x
*default*        0x00000000         0xffffffff

Linker script and memory map

LOAD C:/Program Files (x86)/Atmel/Studio/7.0/Packs/atmel/XMEGAC_DFP/1.0.29/gcc/dev/atxmega384c3/avrxmega6/crtatxmega384c3.o
LOAD Component_Drivers/ds1302/ds1302.o
LOAD Component_Drivers/lcd03/lcd03.o
LOAD Component_Drivers/nrf24l01p/nrf24l01p.o
LOAD Component_Drivers/ssd1306/font.o
LOAD main.o
LOAD XMEGA_API/DIGITALPIN.o
LOAD XMEGA_API/USART.o
LOAD XMEGA_DRIVERS/adc_driver.o
LOAD XMEGA_DRIVERS/clksys_driver.o
LOAD XMEGA_DRIVERS/dma_driver.o
LOAD XMEGA_DRIVERS/eeprom_driver.o
LOAD XMEGA_DRIVERS/IR_driver.o
LOAD XMEGA_DRIVERS/pmic_driver.o
LOAD XMEGA_DRIVERS/port_driver.o
LOAD XMEGA_DRIVERS/rtc_driver.o
LOAD XMEGA_DRIVERS/spi_driver.o
LOAD XMEGA_DRIVERS/TC_driver.o
LOAD XMEGA_DRIVERS/twi_master_driver.o
LOAD XMEGA_DRIVERS/twi_slave_driver.o
LOAD XMEGA_DRIVERS/usart_driver.o
LOAD XMEGA_DRIVERS/wdt_driver.o
LOAD XMEGA_SERVICES/bootloader.o
START GROUP
LOAD c:/program files (x86)/atmel/studio/7.0/toolchain/avr8/avr8-gnu-toolchain/bin/../lib/gcc/avr/4.9.2/../../../../avr/lib/avrxmega6\libm.a
END GROUP
Address of section .text set to 0x60000
START GROUP
LOAD c:/program files (x86)/atmel/studio/7.0/toolchain/avr8/avr8-gnu-toolchain/bin/../lib/gcc/avr/4.9.2/avrxmega6\libgcc.a
LOAD c:/program files (x86)/atmel/studio/7.0/toolchain/avr8/avr8-gnu-toolchain/bin/../lib/gcc/avr/4.9.2/../../../../avr/lib/avrxmega6\libm.a
LOAD c:/program files (x86)/atmel/studio/7.0/toolchain/avr8/avr8-gnu-toolchain/bin/../lib/gcc/avr/4.9.2/../../../../avr/lib/avrxmega6\libc.a
LOAD C:/Program Files (x86)/Atmel/Studio/7.0/Packs/atmel/XMEGAC_DFP/1.0.29/gcc/dev/atxmega384c3/avrxmega6\libatxmega384c3.a
END GROUP
                0x00100000                __TEXT_REGION_LENGTH__ = DEFINED (__TEXT_REGION_LENGTH__)?__TEXT_REGION_LENGTH__:0x100000
                0x0000ffa0                __DATA_REGION_LENGTH__ = DEFINED (__DATA_REGION_LENGTH__)?__DATA_REGION_LENGTH__:0xffa0
                0x00010000                __EEPROM_REGION_LENGTH__ = DEFINED (__EEPROM_REGION_LENGTH__)?__EEPROM_REGION_LENGTH__:0x10000
                0x00000400                __FUSE_REGION_LENGTH__ = DEFINED (__FUSE_REGION_LENGTH__)?__FUSE_REGION_LENGTH__:0x400
                0x00000400                __LOCK_REGION_LENGTH__ = DEFINED (__LOCK_REGION_LENGTH__)?__LOCK_REGION_LENGTH__:0x400
                0x00000400                __SIGNATURE_REGION_LENGTH__ = DEFINED (__SIGNATURE_REGION_LENGTH__)?__SIGNATURE_REGION_LENGTH__:0x400
                0x00000400                __USER_SIGNATURE_REGION_LENGTH__ = DEFINED (__USER_SIGNATURE_REGION_LENGTH__)?__USER_SIGNATURE_REGION_LENGTH__:0x400

.hash
 *(.hash)

.dynsym
 *(.dynsym)

.dynstr
 *(.dynstr)

.gnu.version
 *(.gnu.version)

.gnu.version_d
 *(.gnu.version_d)

.gnu.version_r
 *(.gnu.version_r)

.rel.init
 *(.rel.init)

.rela.init
 *(.rela.init)

.rel.text
 *(.rel.text)
 *(.rel.text.*)
 *(.rel.gnu.linkonce.t*)

.rela.text
 *(.rela.text)
 *(.rela.text.*)
 *(.rela.gnu.linkonce.t*)

.rel.fini
 *(.rel.fini)

.rela.fini
 *(.rela.fini)

.rel.rodata
 *(.rel.rodata)
 *(.rel.rodata.*)
 *(.rel.gnu.linkonce.r*)

.rela.rodata
 *(.rela.rodata)
 *(.rela.rodata.*)
 *(.rela.gnu.linkonce.r*)

.rel.data
 *(.rel.data)
 *(.rel.data.*)
 *(.rel.gnu.linkonce.d*)

.rela.data
 *(.rela.data)
 *(.rela.data.*)
 *(.rela.gnu.linkonce.d*)

.rel.ctors
 *(.rel.ctors)

.rela.ctors
 *(.rela.ctors)

.rel.dtors
 *(.rel.dtors)

.rela.dtors
 *(.rela.dtors)

.rel.got
 *(.rel.got)

.rela.got
 *(.rela.got)

.rel.bss
 *(.rel.bss)

.rela.bss
 *(.rela.bss)

.rel.plt
 *(.rel.plt)

.rela.plt
 *(.rela.plt)

.text           0x00060000     0x1c3e
 *(.vectors)
 .vectors       0x00060000      0x1fc C:/Program Files (x86)/Atmel/Studio/7.0/Packs/atmel/XMEGAC_DFP/1.0.29/gcc/dev/atxmega384c3/avrxmega6/crtatxmega384c3.o
                0x00060000                __vector_default
                0x00060000                __vectors
 *(.vectors)
 *(.progmem.gcc*)
                0x000601fc                . = ALIGN (0x2)
                0x000601fc                __trampolines_start = .
 *(.trampolines)
 .trampolines   0x000601fc        0x0 linker stubs
 *(.trampolines*)
                0x000601fc                __trampolines_end = .
 *libprintf_flt.a:*(.progmem.data)
 *libc.a:*(.progmem.data)
 *(.progmem*)
                0x000601fc                . = ALIGN (0x2)
 *(.jumptables)
 *(.jumptables*)
 *(.lowtext)
 *(.lowtext*)
                0x000601fc                __ctors_start = .
 *(.ctors)
                0x000601fc                __ctors_end = .
                0x000601fc                __dtors_start = .
 *(.dtors)
                0x000601fc                __dtors_end = .
 SORT(*)(.ctors)
 SORT(*)(.dtors)
 *(.init0)
 .init0         0x000601fc        0x0 C:/Program Files (x86)/Atmel/Studio/7.0/Packs/atmel/XMEGAC_DFP/1.0.29/gcc/dev/atxmega384c3/avrxmega6/crtatxmega384c3.o
                0x000601fc                __init
 *(.init0)
 *(.init1)
 *(.init1)
 *(.init2)
 .init2         0x000601fc       0x10 C:/Program Files (x86)/Atmel/Studio/7.0/Packs/atmel/XMEGAC_DFP/1.0.29/gcc/dev/atxmega384c3/avrxmega6/crtatxmega384c3.o
 *(.init2)
 *(.init3)
 *(.init3)
 *(.init4)
 .init4         0x0006020c       0x1a c:/program files (x86)/atmel/studio/7.0/toolchain/avr8/avr8-gnu-toolchain/bin/../lib/gcc/avr/4.9.2/avrxmega6\libgcc.a(_copy_data.o)
                0x0006020c                __do_copy_data
 .init4         0x00060226       0x10 c:/program files (x86)/atmel/studio/7.0/toolchain/avr8/avr8-gnu-toolchain/bin/../lib/gcc/avr/4.9.2/avrxmega6\libgcc.a(_clear_bss.o)
                0x00060226                __do_clear_bss
 *(.init4)
 *(.init5)
 *(.init5)
 *(.init6)
 *(.init6)
 *(.init7)
 *(.init7)
 *(.init8)
 *(.init8)
 *(.init9)
 .init9         0x00060236        0x8 C:/Program Files (x86)/Atmel/Studio/7.0/Packs/atmel/XMEGAC_DFP/1.0.29/gcc/dev/atxmega384c3/avrxmega6/crtatxmega384c3.o
 *(.init9)
 *(.text)
 .text          0x0006023e        0x4 C:/Program Files (x86)/Atmel/Studio/7.0/Packs/atmel/XMEGAC_DFP/1.0.29/gcc/dev/atxmega384c3/avrxmega6/crtatxmega384c3.o
                0x0006023e                __vector_38
                0x0006023e                __vector_104
                0x0006023e                __vector_22
                0x0006023e                __vector_63
                0x0006023e                __vector_67
                0x0006023e                __vector_1
                0x0006023e                __vector_119
                0x0006023e                __vector_32
                0x0006023e                __vector_75
                0x0006023e                __vector_71
                0x0006023e                __vector_91
                0x0006023e                __vector_34
                0x0006023e                __vector_62
                0x0006023e                __vector_77
                0x0006023e                __vector_102
                0x0006023e                __vector_24
                0x0006023e                __vector_12
                0x0006023e                __vector_55
                0x0006023e                __vector_69
                0x0006023e                __vector_81
                0x0006023e                __vector_46
                0x0006023e                __bad_interrupt
                0x0006023e                __vector_122
                0x0006023e                __vector_72
                0x0006023e                __vector_114
                0x0006023e                __vector_6
                0x0006023e                __vector_110
                0x0006023e                __vector_31
                0x0006023e                __vector_92
                0x0006023e                __vector_35
                0x0006023e                __vector_78
                0x0006023e                __vector_74
                0x0006023e                __vector_117
                0x0006023e                __vector_39
                0x0006023e                __vector_107
                0x0006023e                __vector_3
                0x0006023e                __vector_105
                0x0006023e                __vector_98
                0x0006023e                __vector_23
                0x0006023e                __vector_68
                0x0006023e                __vector_73
                0x0006023e                __vector_45
                0x0006023e                __vector_93
                0x0006023e                __vector_61
                0x0006023e                __vector_11
                0x0006023e                __vector_54
                0x0006023e                __vector_99
                0x0006023e                __vector_13
                0x0006023e                __vector_17
                0x0006023e                __vector_19
                0x0006023e                __vector_56
                0x0006023e                __vector_7
                0x0006023e                __vector_125
                0x0006023e                __vector_49
                0x0006023e                __vector_123
                0x0006023e                __vector_41
                0x0006023e                __vector_86
                0x0006023e                __vector_100
                0x0006023e                __vector_101
                0x0006023e                __vector_64
                0x0006023e                __vector_109
                0x0006023e                __vector_43
                0x0006023e                __vector_5
                0x0006023e                __vector_113
                0x0006023e                __vector_33
                0x0006023e                __vector_76
                0x0006023e                __vector_115
                0x0006023e                __vector_47
                0x0006023e                __vector_52
                0x0006023e                __vector_37
                0x0006023e                __vector_95
                0x0006023e                __vector_103
                0x0006023e                __vector_96
                0x0006023e                __vector_108
                0x0006023e                __vector_4
                0x0006023e                __vector_44
                0x0006023e                __vector_82
                0x0006023e                __vector_106
                0x0006023e                __vector_118
                0x0006023e                __vector_51
                0x0006023e                __vector_9
                0x0006023e                __vector_2
                0x0006023e                __vector_21
                0x0006023e                __vector_15
                0x0006023e                __vector_66
                0x0006023e                __vector_36
                0x0006023e                __vector_79
                0x0006023e                __vector_70
                0x0006023e                __vector_83
                0x0006023e                __vector_121
                0x0006023e                __vector_40
                0x0006023e                __vector_85
                0x0006023e                __vector_94
                0x0006023e                __vector_126
                0x0006023e                __vector_8
                0x0006023e                __vector_48
                0x0006023e                __vector_124
                0x0006023e                __vector_116
                0x0006023e                __vector_112
                0x0006023e                __vector_111
                0x0006023e                __vector_80
                0x0006023e                __vector_14
                0x0006023e                __vector_84
                0x0006023e                __vector_57
                0x0006023e                __vector_53
                0x0006023e                __vector_10
                0x0006023e                __vector_50
                0x0006023e                __vector_16
                0x0006023e                __vector_18
                0x0006023e                __vector_97
                0x0006023e                __vector_20
                0x0006023e                __vector_42
                0x0006023e                __vector_87
                0x0006023e                __vector_65
                0x0006023e                __vector_120
 .text          0x00060242      0x12a XMEGA_SERVICES/bootloader.o
                0x00060242                SP_ReadByte
                0x0006024e                SP_ReadWord
                0x0006025c                SP_ReadCalibrationByte
                0x00060260                SP_ReadUserSignatureByte
                0x00060264                SP_ReadFuseByte
                0x0006027a                SP_WriteLockBits
                0x00060282                SP_ReadLockBits
                0x00060288                SP_EraseUserSignatureRow
                0x00060290                SP_WriteUserSignatureRow
                0x00060298                SP_EraseApplicationSections
                0x000602a0                SP_EraseApplicationPage
                0x000602ac                SP_LoadFlashWord
                0x000602b6                SP_ReadFlashPage
                0x000602d8                SP_WriteApplicationPage
                0x000602e4                SP_EraseWriteApplicationPage
                0x000602f0                SP_EraseFlashBuffer
                0x000602f8                SP_EraseBootPage
                0x00060304                SP_WriteBootPage
                0x00060310                SP_EraseWriteBootPage
                0x0006031c                SP_ApplicationCRC
                0x00060320                SP_BootCRC
                0x00060324                SP_LockSPM
                0x00060332                SP_WaitForSPM
                0x0006036c                . = ALIGN (0x2)
 *(.text.*)
 .text.arch_spi_master_transmit_byte_val
                0x0006036c       0x14 Component_Drivers/nrf24l01p/nrf24l01p.o
 .text.arch_spi_master_transmit_byte_ref
                0x00060380       0x18 Component_Drivers/nrf24l01p/nrf24l01p.o
 .text._nrf24l01p_ce_pin
                0x00060398       0x22 Component_Drivers/nrf24l01p/nrf24l01p.o
                0x00060398                _nrf24l01p_ce_pin
 .text._nrf24l01p_csn_pin
                0x000603ba       0x22 Component_Drivers/nrf24l01p/nrf24l01p.o
                0x000603ba                _nrf24l01p_csn_pin
 .text._nrf24l01p_read_register
                0x000603dc       0x5e Component_Drivers/nrf24l01p/nrf24l01p.o
                0x000603dc                _nrf24l01p_read_register
 .text._nrf24l01p_write_register
                0x0006043a       0x50 Component_Drivers/nrf24l01p/nrf24l01p.o
                0x0006043a                _nrf24l01p_write_register
 .text._nrf24l01p_read_rx_payload
                0x0006048a       0x5a Component_Drivers/nrf24l01p/nrf24l01p.o
                0x0006048a                _nrf24l01p_read_rx_payload
 .text._nrf24l01p_write_tx_payload
                0x000604e4       0x4a Component_Drivers/nrf24l01p/nrf24l01p.o
                0x000604e4                _nrf24l01p_write_tx_payload
 .text._nrf24l01p_flush_tx
                0x0006052e       0x14 Component_Drivers/nrf24l01p/nrf24l01p.o
                0x0006052e                _nrf24l01p_flush_tx
 .text._nrf24l01p_flush_rx
                0x00060542       0x14 Component_Drivers/nrf24l01p/nrf24l01p.o
                0x00060542                _nrf24l01p_flush_rx
 .text._nrf24l01p_read_rx_payload_width
                0x00060556       0x24 Component_Drivers/nrf24l01p/nrf24l01p.o
                0x00060556                _nrf24l01p_read_rx_payload_width
 .text._nrf24l01p_power_up
                0x0006057a       0x4a Component_Drivers/nrf24l01p/nrf24l01p.o
                0x0006057a                _nrf24l01p_power_up
 .text._nrf24l01p_power_down
                0x000605c4       0x3e Component_Drivers/nrf24l01p/nrf24l01p.o
                0x000605c4                _nrf24l01p_power_down
 .text._nrf24l01p_rx_mode
                0x00060602       0x3e Component_Drivers/nrf24l01p/nrf24l01p.o
                0x00060602                _nrf24l01p_rx_mode
 .text._nrf24l01p_tx_mode
                0x00060640       0x3e Component_Drivers/nrf24l01p/nrf24l01p.o
                0x00060640                _nrf24l01p_tx_mode
 .text._nrf24l01p_enable_auto_ack
                0x0006067e       0x4e Component_Drivers/nrf24l01p/nrf24l01p.o
                0x0006067e                _nrf24l01p_enable_auto_ack
 .text._nrf24l01p_disable_auto_ack_all_pipes
                0x000606cc       0x24 Component_Drivers/nrf24l01p/nrf24l01p.o
                0x000606cc                _nrf24l01p_disable_auto_ack_all_pipes
 .text._nrf24l01p_enable_rx_on_pipe
                0x000606f0       0x4e Component_Drivers/nrf24l01p/nrf24l01p.o
                0x000606f0                _nrf24l01p_enable_rx_on_pipe
 .text._nrf24l01p_set_auto_retransmission_count
                0x0006073e       0x42 Component_Drivers/nrf24l01p/nrf24l01p.o
                0x0006073e                _nrf24l01p_set_auto_retransmission_count
 .text._nrf24l01p_set_auto_retransmission_delay
                0x00060780       0x48 Component_Drivers/nrf24l01p/nrf24l01p.o
                0x00060780                _nrf24l01p_set_auto_retransmission_delay
 .text._nrf24l01p_set_DataRate
                0x000607c8       0x42 Component_Drivers/nrf24l01p/nrf24l01p.o
                0x000607c8                _nrf24l01p_set_DataRate
 .text._nrf24l01p_set_RX_pipe_address
                0x0006080a       0xdc Component_Drivers/nrf24l01p/nrf24l01p.o
                0x0006080a                _nrf24l01p_set_RX_pipe_address
 .text._nrf24l01p_set_TX_pipe_address
                0x000608e6       0x86 Component_Drivers/nrf24l01p/nrf24l01p.o
                0x000608e6                _nrf24l01p_set_TX_pipe_address
 .text._nrf24l01p_get_fifo_flag_rx_empty
                0x0006096c       0x26 Component_Drivers/nrf24l01p/nrf24l01p.o
                0x0006096c                _nrf24l01p_get_fifo_flag_rx_empty
 .text._nrf24l01p_get_fifo_flag_tx_empty
                0x00060992       0x28 Component_Drivers/nrf24l01p/nrf24l01p.o
                0x00060992                _nrf24l01p_get_fifo_flag_tx_empty
 .text._nrf24l01p_enable_dynamic_payload_pipe
                0x000609ba       0x4e Component_Drivers/nrf24l01p/nrf24l01p.o
                0x000609ba                _nrf24l01p_enable_dynamic_payload_pipe
 .text._nrf24l01p_disable_dynamic_payload_all_pipe
                0x00060a08       0x24 Component_Drivers/nrf24l01p/nrf24l01p.o
                0x00060a08                _nrf24l01p_disable_dynamic_payload_all_pipe
 .text._nrf24l01p_enable_dynamic_payload
                0x00060a2c       0x38 Component_Drivers/nrf24l01p/nrf24l01p.o
                0x00060a2c                _nrf24l01p_enable_dynamic_payload
 .text._nrf24l01p_enable_payload_with_ack
                0x00060a64       0x38 Component_Drivers/nrf24l01p/nrf24l01p.o
                0x00060a64                _nrf24l01p_enable_payload_with_ack
 .text._nrf24l01p_startup
                0x00060a9c       0x66 Component_Drivers/nrf24l01p/nrf24l01p.o
                0x00060a9c                _nrf24l01p_startup
 .text._nrf24l01p_init
                0x00060b02      0x104 Component_Drivers/nrf24l01p/nrf24l01p.o
                0x00060b02                _nrf24l01p_init
 .text._nrf24l01p_reinit_loop
                0x00060c06       0x16 Component_Drivers/nrf24l01p/nrf24l01p.o
                0x00060c06                _nrf24l01p_reinit_loop
 .text._nrf24l01p_get_status
                0x00060c1c       0x2c Component_Drivers/nrf24l01p/nrf24l01p.o
                0x00060c1c                _nrf24l01p_get_status
 .text._nrf24l01p_get_max_retry_flag
                0x00060c48       0x14 Component_Drivers/nrf24l01p/nrf24l01p.o
                0x00060c48                _nrf24l01p_get_max_retry_flag
 .text._nrf24l01p_clear_max_retry_flag
                0x00060c5c       0x2a Component_Drivers/nrf24l01p/nrf24l01p.o
                0x00060c5c                _nrf24l01p_clear_max_retry_flag
 .text._nrf24l01p_get_data_sent_flag
                0x00060c86       0x18 Component_Drivers/nrf24l01p/nrf24l01p.o
                0x00060c86                _nrf24l01p_get_data_sent_flag
 .text._nrf24l01p_clear_data_sent_flag
                0x00060c9e       0x2a Component_Drivers/nrf24l01p/nrf24l01p.o
                0x00060c9e                _nrf24l01p_clear_data_sent_flag
 .text._nrf24l01p_clear_data_ready_flag
                0x00060cc8       0x2a Component_Drivers/nrf24l01p/nrf24l01p.o
                0x00060cc8                _nrf24l01p_clear_data_ready_flag
 .text._nrf24l01p_readable
                0x00060cf2       0x34 Component_Drivers/nrf24l01p/nrf24l01p.o
                0x00060cf2                _nrf24l01p_readable
 .text._nrf24l01p_send
                0x00060d26       0xbe Component_Drivers/nrf24l01p/nrf24l01p.o
                0x00060d26                _nrf24l01p_send
 .text._nrf24l01p_send_to_address
                0x00060de4       0x1e Component_Drivers/nrf24l01p/nrf24l01p.o
                0x00060de4                _nrf24l01p_send_to_address
 .text._nrf24l01p_read_dyn_pld
                0x00060e02       0x62 Component_Drivers/nrf24l01p/nrf24l01p.o
                0x00060e02                _nrf24l01p_read_dyn_pld
 .text.package_handler
                0x00060e64      0x3ae main.o
                0x00060e64                package_handler
 .text.main     0x00061212      0x170 main.o
                0x00061212                main
 .text.DigitalPin_SetDir
                0x00061382       0x44 XMEGA_API/DIGITALPIN.o
                0x00061382                DigitalPin_SetDir
 .text.DigitalPin_SetValue
                0x000613c6       0x20 XMEGA_API/DIGITALPIN.o
                0x000613c6                DigitalPin_SetValue
 .text.DigitalPin_ClearValue
                0x000613e6       0x20 XMEGA_API/DIGITALPIN.o
                0x000613e6                DigitalPin_ClearValue
 .text.__vector_25
                0x00061406       0x14 XMEGA_API/USART.o
                0x00061406                __vector_25
 .text.__vector_27
                0x0006141a       0x14 XMEGA_API/USART.o
                0x0006141a                __vector_27
 .text.__vector_26
                0x0006142e       0x14 XMEGA_API/USART.o
                0x0006142e                __vector_26
 .text.__vector_28
                0x00061442       0x14 XMEGA_API/USART.o
                0x00061442                __vector_28
 .text.__vector_30
                0x00061456       0x14 XMEGA_API/USART.o
                0x00061456                __vector_30
 .text.__vector_29
                0x0006146a       0x14 XMEGA_API/USART.o
                0x0006146a                __vector_29
 .text.__vector_88
                0x0006147e       0x14 XMEGA_API/USART.o
                0x0006147e                __vector_88
 .text.__vector_90
                0x00061492       0x14 XMEGA_API/USART.o
                0x00061492                __vector_90
 .text.__vector_89
                0x000614a6       0x14 XMEGA_API/USART.o
                0x000614a6                __vector_89
 .text.__vector_58
                0x000614ba       0x14 XMEGA_API/USART.o
                0x000614ba                __vector_58
 .text.__vector_60
                0x000614ce       0x14 XMEGA_API/USART.o
                0x000614ce                __vector_60
 .text.__vector_59
                0x000614e2       0x14 XMEGA_API/USART.o
                0x000614e2                __vector_59
 .text.CCPWrite
                0x000614f6       0x2a XMEGA_DRIVERS/clksys_driver.o
                0x000614f6                CCPWrite
 .text.CLKSYS_Disable
                0x00061520       0x14 XMEGA_DRIVERS/clksys_driver.o
                0x00061520                CLKSYS_Disable
 .text.CLKSYS_Main_ClockSource_Select
                0x00061534       0x2a XMEGA_DRIVERS/clksys_driver.o
                0x00061534                CLKSYS_Main_ClockSource_Select
 .text.EEPROM_WaitForNVM
                0x0006155e        0xc XMEGA_DRIVERS/eeprom_driver.o
                0x0006155e                EEPROM_WaitForNVM
 .text.EEPROM_ReadByte
                0x0006156a       0x4e XMEGA_DRIVERS/eeprom_driver.o
                0x0006156a                EEPROM_ReadByte
 .text.EEPROM_FlushBuffer
                0x000615b8       0x30 XMEGA_DRIVERS/eeprom_driver.o
                0x000615b8                EEPROM_FlushBuffer
 .text.EEPROM_WriteByte
                0x000615e8       0x58 XMEGA_DRIVERS/eeprom_driver.o
                0x000615e8                EEPROM_WriteByte
 .text.EEPROM_EraseAll
                0x00061640       0x28 XMEGA_DRIVERS/eeprom_driver.o
                0x00061640                EEPROM_EraseAll
 .text.libgcc.builtins
                0x00061668       0x3c c:/program files (x86)/atmel/studio/7.0/toolchain/avr8/avr8-gnu-toolchain/bin/../lib/gcc/avr/4.9.2/avrxmega6\libgcc.a(_ashrdi3.o)
                0x00061668                __ashrdi3
                0x0006166c                __lshrdi3
 .text.avr-libc
                0x000616a4       0x54 c:/program files (x86)/atmel/studio/7.0/toolchain/avr8/avr8-gnu-toolchain/bin/../lib/gcc/avr/4.9.2/../../../../avr/lib/avrxmega6\libc.a(sprintf.o)
                0x000616a4                sprintf
 .text.avr-libc
                0x000616f8      0x3ea c:/program files (x86)/atmel/studio/7.0/toolchain/avr8/avr8-gnu-toolchain/bin/../lib/gcc/avr/4.9.2/../../../../avr/lib/avrxmega6\libc.a(vfprintf_std.o)
                0x000616f8                vfprintf
 .text.avr-libc
                0x00061ae2       0x16 c:/program files (x86)/atmel/studio/7.0/toolchain/avr8/avr8-gnu-toolchain/bin/../lib/gcc/avr/4.9.2/../../../../avr/lib/avrxmega6\libc.a(strnlen_P.o)
                0x00061ae2                strnlen_P
 .text.avr-libc
                0x00061af8       0x16 c:/program files (x86)/atmel/studio/7.0/toolchain/avr8/avr8-gnu-toolchain/bin/../lib/gcc/avr/4.9.2/../../../../avr/lib/avrxmega6\libc.a(strnlen.o)
                0x00061af8                strnlen
 .text.avr-libc
                0x00061b0e       0x70 c:/program files (x86)/atmel/studio/7.0/toolchain/avr8/avr8-gnu-toolchain/bin/../lib/gcc/avr/4.9.2/../../../../avr/lib/avrxmega6\libc.a(fputc.o)
                0x00061b0e                fputc
 .text.avr-libc
                0x00061b7e       0xbc c:/program files (x86)/atmel/studio/7.0/toolchain/avr8/avr8-gnu-toolchain/bin/../lib/gcc/avr/4.9.2/../../../../avr/lib/avrxmega6\libc.a(ultoa_invert.o)
                0x00061b7e                __ultoa_invert
                0x00061c3a                . = ALIGN (0x2)
 *(.fini9)
 .fini9         0x00061c3a        0x0 c:/program files (x86)/atmel/studio/7.0/toolchain/avr8/avr8-gnu-toolchain/bin/../lib/gcc/avr/4.9.2/avrxmega6\libgcc.a(_exit.o)
                0x00061c3a                _exit
                0x00061c3a                exit
 *(.fini9)
 *(.fini8)
 *(.fini8)
 *(.fini7)
 *(.fini7)
 *(.fini6)
 *(.fini6)
 *(.fini5)
 *(.fini5)
 *(.fini4)
 *(.fini4)
 *(.fini3)
 *(.fini3)
 *(.fini2)
 *(.fini2)
 *(.fini1)
 *(.fini1)
 *(.fini0)
 .fini0         0x00061c3a        0x4 c:/program files (x86)/atmel/studio/7.0/toolchain/avr8/avr8-gnu-toolchain/bin/../lib/gcc/avr/4.9.2/avrxmega6\libgcc.a(_exit.o)
 *(.fini0)
                0x00061c3e                _etext = .

.BOOT           0x00061c3e       0x3a
 .BOOT          0x00061c3e       0x3a XMEGA_SERVICES/bootloader.o
                0x00061c3e                SP_LoadFlashPage

.data           0x00802000       0x60 load address 0x00061c78
                0x00802000                PROVIDE (__data_start, .)
 *(.data)
 *(.data*)
 .data.nrf24l01p_ce_pin
                0x00802000        0x3 Component_Drivers/nrf24l01p/nrf24l01p.o
 .data.nrf24l01p_csn_pin
                0x00802003        0x3 Component_Drivers/nrf24l01p/nrf24l01p.o
 .data.nrfTXaddr
                0x00802006        0x8 main.o
                0x00802006                nrfTXaddr
 .data.powLedG  0x0080200e        0x3 main.o
                0x0080200e                powLedG
 .data.powLedR  0x00802011        0x3 main.o
                0x00802011                powLedR
 .data.led2     0x00802014        0x3 main.o
                0x00802014                led2
 .data.led1     0x00802017        0x3 main.o
                0x00802017                led1
 *(.rodata)
 *(.rodata*)
 .rodata.str1.1
                0x0080201a       0x45 main.o
 *(.gnu.linkonce.d*)
                0x00802060                . = ALIGN (0x2)
 *fill*         0x0080205f        0x1 
                0x00802060                _edata = .
                0x00802060                PROVIDE (__data_end, .)

.bss            0x00802060      0x437
                0x00802060                PROVIDE (__bss_start, .)
 *(.bss)
 *(.bss*)
 .bss.nrf_led_flag
                0x00802060        0x1 main.o
                0x00802060                nrf_led_flag
 *(COMMON)
 COMMON         0x00802061        0x5 Component_Drivers/nrf24l01p/nrf24l01p.o
                0x00802061                csn_value
                0x00802062                ce_value
                0x00802063                mode
                0x00802064                mystat
 COMMON         0x00802066      0x431 main.o
                0x00802066                myflashpagedata
                0x00802266                nrf24l01p_reachable_addresses
                0x00802296                myflashpagedata2
                0x00802496                writeProtect
                0x00802497                PROVIDE (__bss_end, .)
                0x00061c78                __data_load_start = LOADADDR (.data)
                0x00061cd8                __data_load_end = (__data_load_start + SIZEOF (.data))

.noinit         0x00802497        0x0
                [!provide]                PROVIDE (__noinit_start, .)
 *(.noinit*)
                [!provide]                PROVIDE (__noinit_end, .)
                0x00802497                _end = .
                [!provide]                PROVIDE (__heap_start, .)

.eeprom         0x00810000        0x0
 *(.eeprom*)
                0x00810000                __eeprom_end = .

.fuse
 *(.fuse)
 *(.lfuse)
 *(.hfuse)
 *(.efuse)

.lock
 *(.lock*)

.signature
 *(.signature*)

.user_signatures
 *(.user_signatures*)

.stab
 *(.stab)

.stabstr
 *(.stabstr)

.stab.excl
 *(.stab.excl)

.stab.exclstr
 *(.stab.exclstr)

.stab.index
 *(.stab.index)

.stab.indexstr
 *(.stab.indexstr)

.comment        0x00000000       0x5c
 *(.comment)
 .comment       0x00000000       0x30 Component_Drivers/nrf24l01p/nrf24l01p.o
                                 0x31 (size before relaxing)
 .comment       0x00000030       0x31 main.o
 .comment       0x00000030       0x31 XMEGA_API/DIGITALPIN.o
 .comment       0x00000030       0x31 XMEGA_API/USART.o
 .comment       0x00000030       0x31 XMEGA_DRIVERS/clksys_driver.o
 .comment       0x00000030       0x31 XMEGA_DRIVERS/eeprom_driver.o
 .comment       0x00000030       0x31 c:/program files (x86)/atmel/studio/7.0/toolchain/avr8/avr8-gnu-toolchain/bin/../lib/gcc/avr/4.9.2/../../../../avr/lib/avrxmega6\libc.a(sprintf.o)
 .comment       0x00000030       0x2c c:/program files (x86)/atmel/studio/7.0/toolchain/avr8/avr8-gnu-toolchain/bin/../lib/gcc/avr/4.9.2/../../../../avr/lib/avrxmega6\libc.a(vfprintf_std.o)
                                 0x2d (size before relaxing)
 .comment       0x0000005c       0x31 c:/program files (x86)/atmel/studio/7.0/toolchain/avr8/avr8-gnu-toolchain/bin/../lib/gcc/avr/4.9.2/../../../../avr/lib/avrxmega6\libc.a(fputc.o)

.note.gnu.avr.deviceinfo
                0x00000000       0x40
 .note.gnu.avr.deviceinfo
                0x00000000       0x40 C:/Program Files (x86)/Atmel/Studio/7.0/Packs/atmel/XMEGAC_DFP/1.0.29/gcc/dev/atxmega384c3/avrxmega6/crtatxmega384c3.o

.note.gnu.build-id
 *(.note.gnu.build-id)

.debug
 *(.debug)

.line
 *(.line)

.debug_srcinfo
 *(.debug_srcinfo)

.debug_sfnames
 *(.debug_sfnames)

.debug_aranges  0x00000000      0x688
 *(.debug_aranges)
 .debug_aranges
                0x00000000      0x298 Component_Drivers/nrf24l01p/nrf24l01p.o
 .debug_aranges
                0x00000298      0x190 main.o
 .debug_aranges
                0x00000428       0x48 XMEGA_API/DIGITALPIN.o
 .debug_aranges
                0x00000470      0x120 XMEGA_API/USART.o
 .debug_aranges
                0x00000590       0x68 XMEGA_DRIVERS/clksys_driver.o
 .debug_aranges
                0x000005f8       0x68 XMEGA_DRIVERS/eeprom_driver.o
 .debug_aranges
                0x00000660       0x28 XMEGA_SERVICES/bootloader.o

.debug_pubnames
 *(.debug_pubnames)

.debug_info     0x00000000     0x7a3a
 *(.debug_info .gnu.linkonce.wi.*)
 .debug_info    0x00000000     0x2cdc Component_Drivers/nrf24l01p/nrf24l01p.o
 .debug_info    0x00002cdc     0x32f2 main.o
 .debug_info    0x00005fce      0x4c8 XMEGA_API/DIGITALPIN.o
 .debug_info    0x00006496      0x9bf XMEGA_API/USART.o
 .debug_info    0x00006e55      0x645 XMEGA_DRIVERS/clksys_driver.o
 .debug_info    0x0000749a      0x4fe XMEGA_DRIVERS/eeprom_driver.o
 .debug_info    0x00007998       0xa2 XMEGA_SERVICES/bootloader.o

.debug_abbrev   0x00000000     0x1032
 *(.debug_abbrev)
 .debug_abbrev  0x00000000      0x411 Component_Drivers/nrf24l01p/nrf24l01p.o
 .debug_abbrev  0x00000411      0x5fd main.o
 .debug_abbrev  0x00000a0e      0x15f XMEGA_API/DIGITALPIN.o
 .debug_abbrev  0x00000b6d      0x14e XMEGA_API/USART.o
 .debug_abbrev  0x00000cbb      0x1c8 XMEGA_DRIVERS/clksys_driver.o
 .debug_abbrev  0x00000e83      0x19d XMEGA_DRIVERS/eeprom_driver.o
 .debug_abbrev  0x00001020       0x12 XMEGA_SERVICES/bootloader.o

.debug_line     0x00000000     0x3648
 *(.debug_line .debug_line.* .debug_line_end)
 .debug_line    0x00000000     0x12ed Component_Drivers/nrf24l01p/nrf24l01p.o
 .debug_line    0x000012ed     0x12cb main.o
 .debug_line    0x000025b8      0x1f7 XMEGA_API/DIGITALPIN.o
 .debug_line    0x000027af      0x516 XMEGA_API/USART.o
 .debug_line    0x00002cc5      0x24f XMEGA_DRIVERS/clksys_driver.o
 .debug_line    0x00002f14      0x374 XMEGA_DRIVERS/eeprom_driver.o
 .debug_line    0x00003288      0x3c0 XMEGA_SERVICES/bootloader.o

.debug_frame    0x00000000     0x15cc
 *(.debug_frame)
 .debug_frame   0x00000000      0xae0 Component_Drivers/nrf24l01p/nrf24l01p.o
 .debug_frame   0x00000ae0      0x5b8 main.o
 .debug_frame   0x00001098       0x7c XMEGA_API/DIGITALPIN.o
 .debug_frame   0x00001114      0x2dc XMEGA_API/USART.o
 .debug_frame   0x000013f0       0xdc XMEGA_DRIVERS/clksys_driver.o
 .debug_frame   0x000014cc      0x100 XMEGA_DRIVERS/eeprom_driver.o

.debug_str      0x00000000     0x2fce
 *(.debug_str)
 .debug_str     0x00000000     0x108c Component_Drivers/nrf24l01p/nrf24l01p.o
                               0x1161 (size before relaxing)
 .debug_str     0x0000108c     0x11e4 main.o
                               0x168c (size before relaxing)
 .debug_str     0x00002270       0xae XMEGA_API/DIGITALPIN.o
                                0x4f0 (size before relaxing)
 .debug_str     0x0000231e      0x322 XMEGA_API/USART.o
                                0x8e6 (size before relaxing)
 .debug_str     0x00002640      0x4fe XMEGA_DRIVERS/clksys_driver.o
                                0x7f3 (size before relaxing)
 .debug_str     0x00002b3e      0x490 XMEGA_DRIVERS/eeprom_driver.o
                                0x6d2 (size before relaxing)

.debug_loc      0x00000000     0x5ba7
 *(.debug_loc)
 .debug_loc     0x00000000     0x296a Component_Drivers/nrf24l01p/nrf24l01p.o
 .debug_loc     0x0000296a     0x2347 main.o
 .debug_loc     0x00004cb1       0xd0 XMEGA_API/DIGITALPIN.o
 .debug_loc     0x00004d81      0x6ea XMEGA_API/USART.o
 .debug_loc     0x0000546b      0x2b6 XMEGA_DRIVERS/clksys_driver.o
 .debug_loc     0x00005721      0x486 XMEGA_DRIVERS/eeprom_driver.o

.debug_macinfo
 *(.debug_macinfo)

.debug_weaknames
 *(.debug_weaknames)

.debug_funcnames
 *(.debug_funcnames)

.debug_typenames
 *(.debug_typenames)

.debug_varnames
 *(.debug_varnames)

.debug_pubtypes
 *(.debug_pubtypes)

.debug_ranges   0x00000000      0x698
 *(.debug_ranges)
 .debug_ranges  0x00000000      0x2d0 Component_Drivers/nrf24l01p/nrf24l01p.o
 .debug_ranges  0x000002d0      0x1b0 main.o
 .debug_ranges  0x00000480       0x38 XMEGA_API/DIGITALPIN.o
 .debug_ranges  0x000004b8      0x110 XMEGA_API/USART.o
 .debug_ranges  0x000005c8       0x58 XMEGA_DRIVERS/clksys_driver.o
 .debug_ranges  0x00000620       0x58 XMEGA_DRIVERS/eeprom_driver.o
 .debug_ranges  0x00000678       0x20 XMEGA_SERVICES/bootloader.o

.debug_macro
 *(.debug_macro)
OUTPUT(XmegaBootloaderNRF24L01p.elf elf32-avr)
LOAD linker stubs
