Archive member included to satisfy reference by file (symbol)

c:/program files (x86)/atmel/studio/7.0/toolchain/avr8/avr8-gnu-toolchain/bin/../lib/gcc/avr/4.9.2/avrxmega6\libgcc.a(_divmodhi4.o)
                              main.o (__divmodhi4)
c:/program files (x86)/atmel/studio/7.0/toolchain/avr8/avr8-gnu-toolchain/bin/../lib/gcc/avr/4.9.2/avrxmega6\libgcc.a(_udivmodsi4.o)
                              main.o (__udivmodsi4)
c:/program files (x86)/atmel/studio/7.0/toolchain/avr8/avr8-gnu-toolchain/bin/../lib/gcc/avr/4.9.2/avrxmega6\libgcc.a(_exit.o)
                              C:/Program Files (x86)/Atmel/Studio/7.0/Packs/atmel/XMEGAC_DFP/1.0.29/gcc/dev/atxmega384c3/avrxmega6/crtatxmega384c3.o (exit)
c:/program files (x86)/atmel/studio/7.0/toolchain/avr8/avr8-gnu-toolchain/bin/../lib/gcc/avr/4.9.2/avrxmega6\libgcc.a(_copy_data.o)
                              Component_Drivers/nrf24l01p/nrf24l01p.o (__do_copy_data)
c:/program files (x86)/atmel/studio/7.0/toolchain/avr8/avr8-gnu-toolchain/bin/../lib/gcc/avr/4.9.2/avrxmega6\libgcc.a(_clear_bss.o)
                              Component_Drivers/lcd03/lcd03.o (__do_clear_bss)
c:/program files (x86)/atmel/studio/7.0/toolchain/avr8/avr8-gnu-toolchain/bin/../lib/gcc/avr/4.9.2/avrxmega6\libgcc.a(_mulshisi3.o)
                              main.o (__mulshisi3)
c:/program files (x86)/atmel/studio/7.0/toolchain/avr8/avr8-gnu-toolchain/bin/../lib/gcc/avr/4.9.2/avrxmega6\libgcc.a(_ashrdi3.o)
                              Component_Drivers/nrf24l01p/nrf24l01p.o (__lshrdi3)
c:/program files (x86)/atmel/studio/7.0/toolchain/avr8/avr8-gnu-toolchain/bin/../lib/gcc/avr/4.9.2/avrxmega6\libgcc.a(_adddi3_s8.o)
                              main.o (__adddi3_s8)
c:/program files (x86)/atmel/studio/7.0/toolchain/avr8/avr8-gnu-toolchain/bin/../lib/gcc/avr/4.9.2/avrxmega6\libgcc.a(_cmpdi2.o)
                              main.o (__cmpdi2)
c:/program files (x86)/atmel/studio/7.0/toolchain/avr8/avr8-gnu-toolchain/bin/../lib/gcc/avr/4.9.2/avrxmega6\libgcc.a(_udivmodhi4.o)
                              c:/program files (x86)/atmel/studio/7.0/toolchain/avr8/avr8-gnu-toolchain/bin/../lib/gcc/avr/4.9.2/avrxmega6\libgcc.a(_divmodhi4.o) (__udivmodhi4)
c:/program files (x86)/atmel/studio/7.0/toolchain/avr8/avr8-gnu-toolchain/bin/../lib/gcc/avr/4.9.2/avrxmega6\libgcc.a(_muluhisi3.o)
                              c:/program files (x86)/atmel/studio/7.0/toolchain/avr8/avr8-gnu-toolchain/bin/../lib/gcc/avr/4.9.2/avrxmega6\libgcc.a(_mulshisi3.o) (__muluhisi3)
c:/program files (x86)/atmel/studio/7.0/toolchain/avr8/avr8-gnu-toolchain/bin/../lib/gcc/avr/4.9.2/avrxmega6\libgcc.a(_umulhisi3.o)
                              c:/program files (x86)/atmel/studio/7.0/toolchain/avr8/avr8-gnu-toolchain/bin/../lib/gcc/avr/4.9.2/avrxmega6\libgcc.a(_muluhisi3.o) (__umulhisi3)
c:/program files (x86)/atmel/studio/7.0/toolchain/avr8/avr8-gnu-toolchain/bin/../lib/gcc/avr/4.9.2/../../../../avr/lib/avrxmega6\libc.a(strtok.o)
                              main.o (strtok)
c:/program files (x86)/atmel/studio/7.0/toolchain/avr8/avr8-gnu-toolchain/bin/../lib/gcc/avr/4.9.2/../../../../avr/lib/avrxmega6\libc.a(strcmp.o)
                              main.o (strcmp)
c:/program files (x86)/atmel/studio/7.0/toolchain/avr8/avr8-gnu-toolchain/bin/../lib/gcc/avr/4.9.2/../../../../avr/lib/avrxmega6\libc.a(strtok_r.o)
                              c:/program files (x86)/atmel/studio/7.0/toolchain/avr8/avr8-gnu-toolchain/bin/../lib/gcc/avr/4.9.2/../../../../avr/lib/avrxmega6\libc.a(strtok.o) (strtok_r)
c:/program files (x86)/atmel/studio/7.0/toolchain/avr8/avr8-gnu-toolchain/bin/../lib/gcc/avr/4.9.2/../../../../avr/lib/avrxmega6\libc.a(localtime.o)
                              main.o (localtime)
c:/program files (x86)/atmel/studio/7.0/toolchain/avr8/avr8-gnu-toolchain/bin/../lib/gcc/avr/4.9.2/../../../../avr/lib/avrxmega6\libc.a(localtime_r.o)
                              c:/program files (x86)/atmel/studio/7.0/toolchain/avr8/avr8-gnu-toolchain/bin/../lib/gcc/avr/4.9.2/../../../../avr/lib/avrxmega6\libc.a(localtime.o) (localtime_r)
c:/program files (x86)/atmel/studio/7.0/toolchain/avr8/avr8-gnu-toolchain/bin/../lib/gcc/avr/4.9.2/../../../../avr/lib/avrxmega6\libc.a(mktime.o)
                              main.o (mktime)
c:/program files (x86)/atmel/studio/7.0/toolchain/avr8/avr8-gnu-toolchain/bin/../lib/gcc/avr/4.9.2/../../../../avr/lib/avrxmega6\libc.a(tm_store.o)
                              c:/program files (x86)/atmel/studio/7.0/toolchain/avr8/avr8-gnu-toolchain/bin/../lib/gcc/avr/4.9.2/../../../../avr/lib/avrxmega6\libc.a(localtime.o) (__tm_store)
c:/program files (x86)/atmel/studio/7.0/toolchain/avr8/avr8-gnu-toolchain/bin/../lib/gcc/avr/4.9.2/../../../../avr/lib/avrxmega6\libc.a(utc_offset.o)
                              c:/program files (x86)/atmel/studio/7.0/toolchain/avr8/avr8-gnu-toolchain/bin/../lib/gcc/avr/4.9.2/../../../../avr/lib/avrxmega6\libc.a(localtime_r.o) (__utc_offset)
[...]
Memory Configuration

Name             Origin             Length             Attributes
text             0x00000000         0x00100000         xr
data             0x00802000         0x0000ffa0         rw !x
eeprom           0x00810000         0x00010000         rw !x
fuse             0x00820000         0x00000400         rw !x
lock             0x00830000         0x00000400         rw !x
signature        0x00840000         0x00000400         rw !x
user_signatures  0x00850000         0x00000400         rw !x
*default*        0x00000000         0xffffffff

Linker script and memory map

LOAD C:/Program Files (x86)/Atmel/Studio/7.0/Packs/atmel/XMEGAC_DFP/1.0.29/gcc/dev/atxmega384c3/avrxmega6/crtatxmega384c3.o
LOAD Component_Drivers/ds1302/ds1302.o
LOAD Component_Drivers/lcd03/lcd03.o
LOAD Component_Drivers/nrf24l01p/nrf24l01p.o
LOAD Component_Drivers/ssd1306/font.o
LOAD main.o
LOAD XMEGA_API/DIGITALPIN.o
LOAD XMEGA_API/USART.o
LOAD XMEGA_DRIVERS/adc_driver.o
LOAD XMEGA_DRIVERS/clksys_driver.o
LOAD XMEGA_DRIVERS/dma_driver.o
LOAD XMEGA_DRIVERS/eeprom_driver.o
LOAD XMEGA_DRIVERS/IR_driver.o
LOAD XMEGA_DRIVERS/pmic_driver.o
LOAD XMEGA_DRIVERS/port_driver.o
LOAD XMEGA_DRIVERS/rtc_driver.o
LOAD XMEGA_DRIVERS/spi_driver.o
LOAD XMEGA_DRIVERS/TC_driver.o
LOAD XMEGA_DRIVERS/twi_master_driver.o
LOAD XMEGA_DRIVERS/twi_slave_driver.o
LOAD XMEGA_DRIVERS/usart_driver.o
LOAD XMEGA_DRIVERS/wdt_driver.o
LOAD XMEGA_SERVICES/bootloader.o
START GROUP
LOAD c:/program files (x86)/atmel/studio/7.0/toolchain/avr8/avr8-gnu-toolchain/bin/../lib/gcc/avr/4.9.2/../../../../avr/lib/avrxmega6\libm.a
END GROUP
Address of section .text set to 0x60000
START GROUP
LOAD c:/program files (x86)/atmel/studio/7.0/toolchain/avr8/avr8-gnu-toolchain/bin/../lib/gcc/avr/4.9.2/avrxmega6\libgcc.a
LOAD c:/program files (x86)/atmel/studio/7.0/toolchain/avr8/avr8-gnu-toolchain/bin/../lib/gcc/avr/4.9.2/../../../../avr/lib/avrxmega6\libm.a
LOAD c:/program files (x86)/atmel/studio/7.0/toolchain/avr8/avr8-gnu-toolchain/bin/../lib/gcc/avr/4.9.2/../../../../avr/lib/avrxmega6\libc.a
LOAD C:/Program Files (x86)/Atmel/Studio/7.0/Packs/atmel/XMEGAC_DFP/1.0.29/gcc/dev/atxmega384c3/avrxmega6\libatxmega384c3.a
END GROUP
                0x00100000                __TEXT_REGION_LENGTH__ = DEFINED (__TEXT_REGION_LENGTH__)?__TEXT_REGION_LENGTH__:0x100000
                0x0000ffa0                __DATA_REGION_LENGTH__ = DEFINED (__DATA_REGION_LENGTH__)?__DATA_REGION_LENGTH__:0xffa0
                0x00010000                __EEPROM_REGION_LENGTH__ = DEFINED (__EEPROM_REGION_LENGTH__)?__EEPROM_REGION_LENGTH__:0x10000
                0x00000400                __FUSE_REGION_LENGTH__ = DEFINED (__FUSE_REGION_LENGTH__)?__FUSE_REGION_LENGTH__:0x400
                0x00000400                __LOCK_REGION_LENGTH__ = DEFINED (__LOCK_REGION_LENGTH__)?__LOCK_REGION_LENGTH__:0x400
                0x00000400                __SIGNATURE_REGION_LENGTH__ = DEFINED (__SIGNATURE_REGION_LENGTH__)?__SIGNATURE_REGION_LENGTH__:0x400
                0x00000400                __USER_SIGNATURE_REGION_LENGTH__ = DEFINED (__USER_SIGNATURE_REGION_LENGTH__)?__USER_SIGNATURE_REGION_LENGTH__:0x400

.hash
 *(.hash)

.dynsym
 *(.dynsym)

.dynstr
 *(.dynstr)

.gnu.version
 *(.gnu.version)

.gnu.version_d
 *(.gnu.version_d)

.gnu.version_r
 *(.gnu.version_r)

.rel.init
 *(.rel.init)

.rela.init
 *(.rela.init)

.rel.text
 *(.rel.text)
 *(.rel.text.*)
 *(.rel.gnu.linkonce.t*)

.rela.text
 *(.rela.text)
 *(.rela.text.*)
 *(.rela.gnu.linkonce.t*)

.rel.fini
 *(.rel.fini)

.rela.fini
 *(.rela.fini)

.rel.rodata
 *(.rel.rodata)
 *(.rel.rodata.*)
 *(.rel.gnu.linkonce.r*)

.rela.rodata
 *(.rela.rodata)
 *(.rela.rodata.*)
 *(.rela.gnu.linkonce.r*)

.rel.data
 *(.rel.data)
 *(.rel.data.*)
 *(.rel.gnu.linkonce.d*)

.rela.data
 *(.rela.data)
 *(.rela.data.*)
 *(.rela.gnu.linkonce.d*)

.rel.ctors
 *(.rel.ctors)

.rela.ctors
 *(.rela.ctors)

.rel.dtors
 *(.rel.dtors)

.rela.dtors
 *(.rela.dtors)

.rel.got
 *(.rel.got)

.rela.got
 *(.rela.got)

.rel.bss
 *(.rel.bss)

.rela.bss
 *(.rela.bss)

.rel.plt
 *(.rel.plt)

.rela.plt
 *(.rela.plt)

.text           0x00060000     0x105a
 *(.vectors)
 .vectors       0x00060000      0x1fc C:/Program Files (x86)/Atmel/Studio/7.0/Packs/atmel/XMEGAC_DFP/1.0.29/gcc/dev/atxmega384c3/avrxmega6/crtatxmega384c3.o
                0x00060000                __vector_default
                0x00060000                __vectors
 *(.vectors)
 *(.progmem.gcc*)
                0x000601fc                . = ALIGN (0x2)
                0x000601fc                __trampolines_start = .
 *(.trampolines)
 .trampolines   0x000601fc        0x0 linker stubs
 *(.trampolines*)
                0x000601fc                __trampolines_end = .
 *libprintf_flt.a:*(.progmem.data)
 *libc.a:*(.progmem.data)
 *(.progmem*)
                0x000601fc                . = ALIGN (0x2)
 *(.jumptables)
 *(.jumptables*)
 *(.lowtext)
 *(.lowtext*)
                0x000601fc                __ctors_start = .
 *(.ctors)
                0x000601fc                __ctors_end = .
                0x000601fc                __dtors_start = .
 *(.dtors)
                0x000601fc                __dtors_end = .
 SORT(*)(.ctors)
 SORT(*)(.dtors)
 *(.init0)
 .init0         0x000601fc        0x0 C:/Program Files (x86)/Atmel/Studio/7.0/Packs/atmel/XMEGAC_DFP/1.0.29/gcc/dev/atxmega384c3/avrxmega6/crtatxmega384c3.o
                0x000601fc                __init
 *(.init0)
 *(.init1)
 *(.init1)
 *(.init2)
 .init2         0x000601fc       0x10 C:/Program Files (x86)/Atmel/Studio/7.0/Packs/atmel/XMEGAC_DFP/1.0.29/gcc/dev/atxmega384c3/avrxmega6/crtatxmega384c3.o
 *(.init2)
 *(.init3)
 *(.init3)
 *(.init4)
 .init4         0x0006020c       0x1a c:/program files (x86)/atmel/studio/7.0/toolchain/avr8/avr8-gnu-toolchain/bin/../lib/gcc/avr/4.9.2/avrxmega6\libgcc.a(_copy_data.o)
                0x0006020c                __do_copy_data
 .init4         0x00060226       0x10 c:/program files (x86)/atmel/studio/7.0/toolchain/avr8/avr8-gnu-toolchain/bin/../lib/gcc/avr/4.9.2/avrxmega6\libgcc.a(_clear_bss.o)
                0x00060226                __do_clear_bss
 *(.init4)
 *(.init5)
 *(.init5)
 *(.init6)
 *(.init6)
 *(.init7)
 *(.init7)
 *(.init8)
 *(.init8)
 *(.init9)
 .init9         0x00060236        0x8 C:/Program Files (x86)/Atmel/Studio/7.0/Packs/atmel/XMEGAC_DFP/1.0.29/gcc/dev/atxmega384c3/avrxmega6/crtatxmega384c3.o
 *(.init9)
 *(.text)
 .text          0x0006023e        0x4 C:/Program Files (x86)/Atmel/Studio/7.0/Packs/atmel/XMEGAC_DFP/1.0.29/gcc/dev/atxmega384c3/avrxmega6/crtatxmega384c3.o
                0x0006023e                __vector_38
                0x0006023e                __vector_104
                0x0006023e                __vector_22
                0x0006023e                __vector_63
                0x0006023e                __vector_67
                0x0006023e                __vector_1
                0x0006023e                __vector_119
                0x0006023e                __vector_32
                0x0006023e                __vector_75
                0x0006023e                __vector_71
                0x0006023e                __vector_91
                0x0006023e                __vector_34
                0x0006023e                __vector_62
                0x0006023e                __vector_77
                0x0006023e                __vector_102
                0x0006023e                __vector_24
                0x0006023e                __vector_12
                0x0006023e                __vector_55
                0x0006023e                __vector_69
                0x0006023e                __vector_81
                0x0006023e                __vector_46
                0x0006023e                __bad_interrupt
                0x0006023e                __vector_122
                0x0006023e                __vector_72
                0x0006023e                __vector_114
                0x0006023e                __vector_6
                0x0006023e                __vector_110
                0x0006023e                __vector_31
                0x0006023e                __vector_92
                0x0006023e                __vector_35
                0x0006023e                __vector_78
                0x0006023e                __vector_74
                0x0006023e                __vector_117
                0x0006023e                __vector_39
                0x0006023e                __vector_107
                0x0006023e                __vector_3
                0x0006023e                __vector_105
                0x0006023e                __vector_98
                0x0006023e                __vector_23
                0x0006023e                __vector_68
                0x0006023e                __vector_73
                0x0006023e                __vector_45
                0x0006023e                __vector_93
                0x0006023e                __vector_61
                0x0006023e                __vector_11
                0x0006023e                __vector_54
                0x0006023e                __vector_99
                0x0006023e                __vector_13
                0x0006023e                __vector_17
                0x0006023e                __vector_19
                0x0006023e                __vector_56
                0x0006023e                __vector_7
                0x0006023e                __vector_125
                0x0006023e                __vector_49
                0x0006023e                __vector_123
                0x0006023e                __vector_41
                0x0006023e                __vector_86
                0x0006023e                __vector_100
                0x0006023e                __vector_101
                0x0006023e                __vector_64
                0x0006023e                __vector_109
                0x0006023e                __vector_43
                0x0006023e                __vector_5
                0x0006023e                __vector_113
                0x0006023e                __vector_33
                0x0006023e                __vector_76
                0x0006023e                __vector_115
                0x0006023e                __vector_47
                0x0006023e                __vector_52
                0x0006023e                __vector_37
                0x0006023e                __vector_95
                0x0006023e                __vector_103
                0x0006023e                __vector_96
                0x0006023e                __vector_108
                0x0006023e                __vector_4
                0x0006023e                __vector_44
                0x0006023e                __vector_82
                0x0006023e                __vector_106
                0x0006023e                __vector_118
                0x0006023e                __vector_51
                0x0006023e                __vector_9
                0x0006023e                __vector_2
                0x0006023e                __vector_21
                0x0006023e                __vector_15
                0x0006023e                __vector_66
                0x0006023e                __vector_36
                0x0006023e                __vector_79
                0x0006023e                __vector_70
                0x0006023e                __vector_83
                0x0006023e                __vector_121
                0x0006023e                __vector_40
                0x0006023e                __vector_85
                0x0006023e                __vector_94
                0x0006023e                __vector_126
                0x0006023e                __vector_8
                0x0006023e                __vector_48
                0x0006023e                __vector_124
                0x0006023e                __vector_116
                0x0006023e                __vector_112
                0x0006023e                __vector_111
                0x0006023e                __vector_80
                0x0006023e                __vector_14
                0x0006023e                __vector_84
                0x0006023e                __vector_57
                0x0006023e                __vector_53
                0x0006023e                __vector_10
                0x0006023e                __vector_50
                0x0006023e                __vector_16
                0x0006023e                __vector_18
                0x0006023e                __vector_97
                0x0006023e                __vector_20
                0x0006023e                __vector_42
                0x0006023e                __vector_87
                0x0006023e                __vector_65
                0x0006023e                __vector_120
 .text          0x00060242      0x12a XMEGA_SERVICES/bootloader.o
                0x00060242                SP_ReadByte
                0x0006024e                SP_ReadWord
                0x0006025c                SP_ReadCalibrationByte
                0x00060260                SP_ReadUserSignatureByte
                0x00060264                SP_ReadFuseByte
                0x0006027a                SP_WriteLockBits
                0x00060282                SP_ReadLockBits
                0x00060288                SP_EraseUserSignatureRow
                0x00060290                SP_WriteUserSignatureRow
                0x00060298                SP_EraseApplicationSections
                0x000602a0                SP_EraseApplicationPage
                0x000602ac                SP_LoadFlashWord
                0x000602b6                SP_ReadFlashPage
                0x000602d8                SP_WriteApplicationPage
                0x000602e4                SP_EraseWriteApplicationPage
                0x000602f0                SP_EraseFlashBuffer
                0x000602f8                SP_EraseBootPage
                0x00060304                SP_WriteBootPage
                0x00060310                SP_EraseWriteBootPage
                0x0006031c                SP_ApplicationCRC
                0x00060320                SP_BootCRC
                0x00060324                SP_LockSPM
                0x00060332                SP_WaitForSPM
                0x0006036c                . = ALIGN (0x2)
 *(.text.*)
 .text.arch_spi_master_transmit_byte_val
                0x0006036c       0x14 Component_Drivers/nrf24l01p/nrf24l01p.o
 .text.arch_spi_master_transmit_byte_ref
                0x00060380       0x18 Component_Drivers/nrf24l01p/nrf24l01p.o
 .text._nrf24l01p_ce_pin
                0x00060398       0x22 Component_Drivers/nrf24l01p/nrf24l01p.o
                0x00060398                _nrf24l01p_ce_pin
 .text._nrf24l01p_csn_pin
                0x000603ba       0x22 Component_Drivers/nrf24l01p/nrf24l01p.o
                0x000603ba                _nrf24l01p_csn_pin
 .text._nrf24l01p_read_register
                0x000603dc       0x5e Component_Drivers/nrf24l01p/nrf24l01p.o
                0x000603dc                _nrf24l01p_read_register
 .text._nrf24l01p_write_register
                0x0006043a       0x50 Component_Drivers/nrf24l01p/nrf24l01p.o
                0x0006043a                _nrf24l01p_write_register
 .text._nrf24l01p_read_rx_payload
                0x0006048a       0x5a Component_Drivers/nrf24l01p/nrf24l01p.o
                0x0006048a                _nrf24l01p_read_rx_payload
 .text._nrf24l01p_flush_rx
                0x000604e4       0x14 Component_Drivers/nrf24l01p/nrf24l01p.o
                0x000604e4                _nrf24l01p_flush_rx
 .text._nrf24l01p_read_rx_payload_width
                0x000604f8       0x24 Component_Drivers/nrf24l01p/nrf24l01p.o
                0x000604f8                _nrf24l01p_read_rx_payload_width
 .text._nrf24l01p_power_up
                0x0006051c       0x4a Component_Drivers/nrf24l01p/nrf24l01p.o
                0x0006051c                _nrf24l01p_power_up
 .text._nrf24l01p_power_down
                0x00060566       0x3e Component_Drivers/nrf24l01p/nrf24l01p.o
                0x00060566                _nrf24l01p_power_down
 .text._nrf24l01p_rx_mode
                0x000605a4       0x3e Component_Drivers/nrf24l01p/nrf24l01p.o
                0x000605a4                _nrf24l01p_rx_mode
 .text._nrf24l01p_enable_auto_ack
                0x000605e2       0x4e Component_Drivers/nrf24l01p/nrf24l01p.o
                0x000605e2                _nrf24l01p_enable_auto_ack
 .text._nrf24l01p_disable_auto_ack_all_pipes
                0x00060630       0x24 Component_Drivers/nrf24l01p/nrf24l01p.o
                0x00060630                _nrf24l01p_disable_auto_ack_all_pipes
 .text._nrf24l01p_enable_rx_on_pipe
                0x00060654       0x4e Component_Drivers/nrf24l01p/nrf24l01p.o
                0x00060654                _nrf24l01p_enable_rx_on_pipe
 .text._nrf24l01p_set_auto_retransmission_count
                0x000606a2       0x42 Component_Drivers/nrf24l01p/nrf24l01p.o
                0x000606a2                _nrf24l01p_set_auto_retransmission_count
 .text._nrf24l01p_set_auto_retransmission_delay
                0x000606e4       0x48 Component_Drivers/nrf24l01p/nrf24l01p.o
                0x000606e4                _nrf24l01p_set_auto_retransmission_delay
 .text._nrf24l01p_set_DataRate
                0x0006072c       0x42 Component_Drivers/nrf24l01p/nrf24l01p.o
                0x0006072c                _nrf24l01p_set_DataRate
 .text._nrf24l01p_set_RX_pipe_address
                0x0006076e       0xdc Component_Drivers/nrf24l01p/nrf24l01p.o
                0x0006076e                _nrf24l01p_set_RX_pipe_address
 .text._nrf24l01p_get_fifo_flag_rx_empty
                0x0006084a       0x26 Component_Drivers/nrf24l01p/nrf24l01p.o
                0x0006084a                _nrf24l01p_get_fifo_flag_rx_empty
 .text._nrf24l01p_enable_dynamic_payload_pipe
                0x00060870       0x4e Component_Drivers/nrf24l01p/nrf24l01p.o
                0x00060870                _nrf24l01p_enable_dynamic_payload_pipe
 .text._nrf24l01p_disable_dynamic_payload_all_pipe
                0x000608be       0x24 Component_Drivers/nrf24l01p/nrf24l01p.o
                0x000608be                _nrf24l01p_disable_dynamic_payload_all_pipe
 .text._nrf24l01p_enable_dynamic_payload
                0x000608e2       0x38 Component_Drivers/nrf24l01p/nrf24l01p.o
                0x000608e2                _nrf24l01p_enable_dynamic_payload
 .text._nrf24l01p_enable_payload_with_ack
                0x0006091a       0x38 Component_Drivers/nrf24l01p/nrf24l01p.o
                0x0006091a                _nrf24l01p_enable_payload_with_ack
 .text._nrf24l01p_startup
                0x00060952       0x66 Component_Drivers/nrf24l01p/nrf24l01p.o
                0x00060952                _nrf24l01p_startup
 .text._nrf24l01p_init
                0x000609b8      0x104 Component_Drivers/nrf24l01p/nrf24l01p.o
                0x000609b8                _nrf24l01p_init
 .text._nrf24l01p_reinit_loop
                0x00060abc       0x16 Component_Drivers/nrf24l01p/nrf24l01p.o
                0x00060abc                _nrf24l01p_reinit_loop
 .text._nrf24l01p_get_status
                0x00060ad2       0x2c Component_Drivers/nrf24l01p/nrf24l01p.o
                0x00060ad2                _nrf24l01p_get_status
 .text._nrf24l01p_clear_data_ready_flag
                0x00060afe       0x2a Component_Drivers/nrf24l01p/nrf24l01p.o
                0x00060afe                _nrf24l01p_clear_data_ready_flag
 .text._nrf24l01p_readable
                0x00060b28       0x34 Component_Drivers/nrf24l01p/nrf24l01p.o
                0x00060b28                _nrf24l01p_readable
 .text._nrf24l01p_read_dyn_pld
                0x00060b5c       0x62 Component_Drivers/nrf24l01p/nrf24l01p.o
                0x00060b5c                _nrf24l01p_read_dyn_pld
 .text.package_handler
                0x00060bbe      0x184 main.o
                0x00060bbe                package_handler
 .text.main     0x00060d42       0xfc main.o
                0x00060d42                main
 .text.DigitalPin_SetDir
                0x00060e3e       0x44 XMEGA_API/DIGITALPIN.o
                0x00060e3e                DigitalPin_SetDir
 .text.DigitalPin_SetValue
                0x00060e82       0x20 XMEGA_API/DIGITALPIN.o
                0x00060e82                DigitalPin_SetValue
 .text.DigitalPin_ClearValue
                0x00060ea2       0x20 XMEGA_API/DIGITALPIN.o
                0x00060ea2                DigitalPin_ClearValue
 .text.__vector_25
                0x00060ec2       0x14 XMEGA_API/USART.o
                0x00060ec2                __vector_25
 .text.__vector_27
                0x00060ed6       0x14 XMEGA_API/USART.o
                0x00060ed6                __vector_27
 .text.__vector_26
                0x00060eea       0x14 XMEGA_API/USART.o
                0x00060eea                __vector_26
 .text.__vector_28
                0x00060efe       0x14 XMEGA_API/USART.o
                0x00060efe                __vector_28
 .text.__vector_30
                0x00060f12       0x14 XMEGA_API/USART.o
                0x00060f12                __vector_30
 .text.__vector_29
                0x00060f26       0x14 XMEGA_API/USART.o
                0x00060f26                __vector_29
 .text.__vector_88
                0x00060f3a       0x14 XMEGA_API/USART.o
                0x00060f3a                __vector_88
 .text.__vector_90
                0x00060f4e       0x14 XMEGA_API/USART.o
                0x00060f4e                __vector_90
 .text.__vector_89
                0x00060f62       0x14 XMEGA_API/USART.o
                0x00060f62                __vector_89
 .text.__vector_58
                0x00060f76       0x14 XMEGA_API/USART.o
                0x00060f76                __vector_58
 .text.__vector_60
                0x00060f8a       0x14 XMEGA_API/USART.o
                0x00060f8a                __vector_60
 .text.__vector_59
                0x00060f9e       0x14 XMEGA_API/USART.o
                0x00060f9e                __vector_59
 .text.CCPWrite
                0x00060fb2       0x2a XMEGA_DRIVERS/clksys_driver.o
                0x00060fb2                CCPWrite
 .text.CLKSYS_Disable
                0x00060fdc       0x14 XMEGA_DRIVERS/clksys_driver.o
                0x00060fdc                CLKSYS_Disable
 .text.CLKSYS_Main_ClockSource_Select
                0x00060ff0       0x2a XMEGA_DRIVERS/clksys_driver.o
                0x00060ff0                CLKSYS_Main_ClockSource_Select
 .text.libgcc.builtins
                0x0006101a       0x3c c:/program files (x86)/atmel/studio/7.0/toolchain/avr8/avr8-gnu-toolchain/bin/../lib/gcc/avr/4.9.2/avrxmega6\libgcc.a(_ashrdi3.o)
                0x0006101a                __ashrdi3
                0x0006101e                __lshrdi3
                0x00061056                . = ALIGN (0x2)
 *(.fini9)
 .fini9         0x00061056        0x0 c:/program files (x86)/atmel/studio/7.0/toolchain/avr8/avr8-gnu-toolchain/bin/../lib/gcc/avr/4.9.2/avrxmega6\libgcc.a(_exit.o)
                0x00061056                _exit
                0x00061056                exit
 *(.fini9)
 *(.fini8)
 *(.fini8)
 *(.fini7)
 *(.fini7)
 *(.fini6)
 *(.fini6)
 *(.fini5)
 *(.fini5)
 *(.fini4)
 *(.fini4)
 *(.fini3)
 *(.fini3)
 *(.fini2)
 *(.fini2)
 *(.fini1)
 *(.fini1)
 *(.fini0)
 .fini0         0x00061056        0x4 c:/program files (x86)/atmel/studio/7.0/toolchain/avr8/avr8-gnu-toolchain/bin/../lib/gcc/avr/4.9.2/avrxmega6\libgcc.a(_exit.o)
 *(.fini0)
                0x0006105a                _etext = .

.BOOT           0x0006105a       0x3a
 .BOOT          0x0006105a       0x3a XMEGA_SERVICES/bootloader.o
                0x0006105a                SP_LoadFlashPage

.data           0x00802000        0xa load address 0x00061094
                0x00802000                PROVIDE (__data_start, .)
 *(.data)
 *(.data*)
 .data.nrf24l01p_ce_pin
                0x00802000        0x3 Component_Drivers/nrf24l01p/nrf24l01p.o
 .data.nrf24l01p_csn_pin
                0x00802003        0x3 Component_Drivers/nrf24l01p/nrf24l01p.o
 .data.led      0x00802006        0x3 main.o
                0x00802006                led
 *(.rodata)
 *(.rodata*)
 *(.gnu.linkonce.d*)
                0x0080200a                . = ALIGN (0x2)
 *fill*         0x00802009        0x1 
                0x0080200a                _edata = .
                0x0080200a                PROVIDE (__data_end, .)

.bss            0x0080200a      0x437
                0x0080200a                PROVIDE (__bss_start, .)
 *(.bss)
 *(.bss*)
 .bss.nrf_led_flag
                0x0080200a        0x1 main.o
                0x0080200a                nrf_led_flag
 *(COMMON)
 COMMON         0x0080200b        0x5 Component_Drivers/nrf24l01p/nrf24l01p.o
                0x0080200b                csn_value
                0x0080200c                ce_value
                0x0080200d                mode
                0x0080200e                mystat
 COMMON         0x00802010      0x431 main.o
                0x00802010                myflashpagedata
                0x00802210                nrf24l01p_reachable_addresses
                0x00802240                myflashpagedata2
                0x00802440                writeProtect
                0x00802441                PROVIDE (__bss_end, .)
                0x00061094                __data_load_start = LOADADDR (.data)
                0x0006109e                __data_load_end = (__data_load_start + SIZEOF (.data))

.noinit         0x00802441        0x0
                [!provide]                PROVIDE (__noinit_start, .)
 *(.noinit*)
                [!provide]                PROVIDE (__noinit_end, .)
                0x00802441                _end = .
                [!provide]                PROVIDE (__heap_start, .)

.eeprom         0x00810000        0x0
 *(.eeprom*)
                0x00810000                __eeprom_end = .

.fuse
 *(.fuse)
 *(.lfuse)
 *(.hfuse)
 *(.efuse)

.lock
 *(.lock*)

.signature
 *(.signature*)

.user_signatures
 *(.user_signatures*)

.stab
 *(.stab)

.stabstr
 *(.stabstr)

.stab.excl
 *(.stab.excl)

.stab.exclstr
 *(.stab.exclstr)

.stab.index
 *(.stab.index)

.stab.indexstr
 *(.stab.indexstr)

.comment        0x00000000       0x30
 *(.comment)
 .comment       0x00000000       0x30 Component_Drivers/nrf24l01p/nrf24l01p.o
                                 0x31 (size before relaxing)
 .comment       0x00000030       0x31 main.o
 .comment       0x00000030       0x31 XMEGA_API/DIGITALPIN.o
 .comment       0x00000030       0x31 XMEGA_API/USART.o
 .comment       0x00000030       0x31 XMEGA_DRIVERS/clksys_driver.o

.note.gnu.avr.deviceinfo
                0x00000000       0x40
 .note.gnu.avr.deviceinfo
                0x00000000       0x40 C:/Program Files (x86)/Atmel/Studio/7.0/Packs/atmel/XMEGAC_DFP/1.0.29/gcc/dev/atxmega384c3/avrxmega6/crtatxmega384c3.o

.note.gnu.build-id
 *(.note.gnu.build-id)

.debug
 *(.debug)

.line
 *(.line)

.debug_srcinfo
 *(.debug_srcinfo)

.debug_sfnames
 *(.debug_sfnames)

.debug_aranges  0x00000000      0x620
 *(.debug_aranges)
 .debug_aranges
                0x00000000      0x298 Component_Drivers/nrf24l01p/nrf24l01p.o
 .debug_aranges
                0x00000298      0x190 main.o
 .debug_aranges
                0x00000428       0x48 XMEGA_API/DIGITALPIN.o
 .debug_aranges
                0x00000470      0x120 XMEGA_API/USART.o
 .debug_aranges
                0x00000590       0x68 XMEGA_DRIVERS/clksys_driver.o
 .debug_aranges
                0x000005f8       0x28 XMEGA_SERVICES/bootloader.o

.debug_pubnames
 *(.debug_pubnames)

.debug_info     0x00000000     0x72cb
 *(.debug_info .gnu.linkonce.wi.*)
 .debug_info    0x00000000     0x2cdc Component_Drivers/nrf24l01p/nrf24l01p.o
 .debug_info    0x00002cdc     0x3081 main.o
 .debug_info    0x00005d5d      0x4c8 XMEGA_API/DIGITALPIN.o
 .debug_info    0x00006225      0x9bf XMEGA_API/USART.o
 .debug_info    0x00006be4      0x645 XMEGA_DRIVERS/clksys_driver.o
 .debug_info    0x00007229       0xa2 XMEGA_SERVICES/bootloader.o

.debug_abbrev   0x00000000      0xe91
 *(.debug_abbrev)
 .debug_abbrev  0x00000000      0x411 Component_Drivers/nrf24l01p/nrf24l01p.o
 .debug_abbrev  0x00000411      0x5f9 main.o
 .debug_abbrev  0x00000a0a      0x15f XMEGA_API/DIGITALPIN.o
 .debug_abbrev  0x00000b69      0x14e XMEGA_API/USART.o
 .debug_abbrev  0x00000cb7      0x1c8 XMEGA_DRIVERS/clksys_driver.o
 .debug_abbrev  0x00000e7f       0x12 XMEGA_SERVICES/bootloader.o

.debug_line     0x00000000     0x31b9
 *(.debug_line .debug_line.* .debug_line_end)
 .debug_line    0x00000000     0x12ed Component_Drivers/nrf24l01p/nrf24l01p.o
 .debug_line    0x000012ed     0x11b0 main.o
 .debug_line    0x0000249d      0x1f7 XMEGA_API/DIGITALPIN.o
 .debug_line    0x00002694      0x516 XMEGA_API/USART.o
 .debug_line    0x00002baa      0x24f XMEGA_DRIVERS/clksys_driver.o
 .debug_line    0x00002df9      0x3c0 XMEGA_SERVICES/bootloader.o

.debug_frame    0x00000000     0x14d4
 *(.debug_frame)
 .debug_frame   0x00000000      0xae0 Component_Drivers/nrf24l01p/nrf24l01p.o
 .debug_frame   0x00000ae0      0x5c0 main.o
 .debug_frame   0x000010a0       0x7c XMEGA_API/DIGITALPIN.o
 .debug_frame   0x0000111c      0x2dc XMEGA_API/USART.o
 .debug_frame   0x000013f8       0xdc XMEGA_DRIVERS/clksys_driver.o

.debug_str      0x00000000     0x2ac8
 *(.debug_str)
 .debug_str     0x00000000     0x108c Component_Drivers/nrf24l01p/nrf24l01p.o
                               0x1161 (size before relaxing)
 .debug_str     0x0000108c     0x116e main.o
                               0x1600 (size before relaxing)
 .debug_str     0x000021fa       0xae XMEGA_API/DIGITALPIN.o
                                0x4f0 (size before relaxing)
 .debug_str     0x000022a8      0x322 XMEGA_API/USART.o
                                0x8e6 (size before relaxing)
 .debug_str     0x000025ca      0x4fe XMEGA_DRIVERS/clksys_driver.o
                                0x7f3 (size before relaxing)

.debug_loc      0x00000000     0x5506
 *(.debug_loc)
 .debug_loc     0x00000000     0x296a Component_Drivers/nrf24l01p/nrf24l01p.o
 .debug_loc     0x0000296a     0x212c main.o
 .debug_loc     0x00004a96       0xd0 XMEGA_API/DIGITALPIN.o
 .debug_loc     0x00004b66      0x6ea XMEGA_API/USART.o
 .debug_loc     0x00005250      0x2b6 XMEGA_DRIVERS/clksys_driver.o

.debug_macinfo
 *(.debug_macinfo)

.debug_weaknames
 *(.debug_weaknames)

.debug_funcnames
 *(.debug_funcnames)

.debug_typenames
 *(.debug_typenames)

.debug_varnames
 *(.debug_varnames)

.debug_pubtypes
 *(.debug_pubtypes)

.debug_ranges   0x00000000      0x640
 *(.debug_ranges)
 .debug_ranges  0x00000000      0x2d0 Component_Drivers/nrf24l01p/nrf24l01p.o
 .debug_ranges  0x000002d0      0x1b0 main.o
 .debug_ranges  0x00000480       0x38 XMEGA_API/DIGITALPIN.o
 .debug_ranges  0x000004b8      0x110 XMEGA_API/USART.o
 .debug_ranges  0x000005c8       0x58 XMEGA_DRIVERS/clksys_driver.o
 .debug_ranges  0x00000620       0x20 XMEGA_SERVICES/bootloader.o

.debug_macro
 *(.debug_macro)
OUTPUT(XmegaBootloaderNRF24L01p.elf elf32-avr)
LOAD linker stubs
